---
source: crates/ruline-condition/tests/condition.rs
expression: error.to_string()
---
unknown variant `invalid`, expected one of `equals`, `not_equals`, `greater_than`, `greater_than_or_equal`, `less_than`, `less_than_or_equal`, `contains`, `not_contains`, `exists`, `not_exists`, `empty`, `not_empty`
